// Jest Snapshot v1, https://goo.gl/fbAQLP

exports[`matches snapshot 1`] = `
<DocumentFragment>
  <div
    class="StoryForm"
  >
    <h3>
      Submit Story about your COVID or Vaccine experience:
    </h3>
    <p
      id="story-helper"
    >
      Story should be 1st hand experience (not something you heard/read) 
      <br />
      This is a public forum. Don't include personal/private information
    </p>
    <form>
      <div
        class="MuiFormControl-root MuiTextField-root"
      >
        <label
          class="MuiFormLabel-root MuiInputLabel-root MuiInputLabel-formControl MuiInputLabel-animated MuiInputLabel-shrink MuiInputLabel-outlined MuiFormLabel-filled"
          data-shrink="true"
        >
          Username:
        </label>
        <div
          class="MuiInputBase-root MuiOutlinedInput-root MuiInputBase-formControl"
        >
          <input
            aria-invalid="false"
            class="MuiInputBase-input MuiOutlinedInput-input"
            name="username"
            type="text"
            value="scripturesweaty77"
          />
          <fieldset
            aria-hidden="true"
            class="PrivateNotchedOutline-root-12 MuiOutlinedInput-notchedOutline"
          >
            <legend
              class="PrivateNotchedOutline-legendLabelled-14 PrivateNotchedOutline-legendNotched-15"
            >
              <span>
                Username:
              </span>
            </legend>
          </fieldset>
        </div>
        <p
          class="MuiFormHelperText-root MuiFormHelperText-contained MuiFormHelperText-filled"
        >
          *You may keep auto-generated username (Save username to find your post later)
        </p>
      </div>
      <br />
      <br />
      <div
        class="MuiFormControl-root MuiTextField-root"
      >
        <label
          class="MuiFormLabel-root MuiInputLabel-root MuiInputLabel-formControl MuiInputLabel-animated MuiInputLabel-outlined"
          data-shrink="false"
          for="select-vaccine"
          id="select-vaccine-label"
        >
          Select COVID or Vaccine:
        </label>
        <div
          class="MuiInputBase-root MuiOutlinedInput-root MuiInputBase-formControl"
        >
          <div
            aria-haspopup="listbox"
            aria-labelledby="select-vaccine-label select-vaccine"
            class="MuiSelect-root MuiSelect-select MuiSelect-selectMenu MuiSelect-outlined MuiInputBase-input MuiOutlinedInput-input"
            id="select-vaccine"
            role="button"
            tabindex="0"
          >
            <span>
              ​
            </span>
          </div>
          <input
            aria-hidden="true"
            class="MuiSelect-nativeInput"
            name="vaccine"
            tabindex="-1"
            value=""
          />
          <svg
            aria-hidden="true"
            class="MuiSvgIcon-root MuiSelect-icon MuiSelect-iconOutlined"
            focusable="false"
            viewBox="0 0 24 24"
          >
            <path
              d="M7 10l5 5 5-5z"
            />
          </svg>
          <fieldset
            aria-hidden="true"
            class="PrivateNotchedOutline-root-12 MuiOutlinedInput-notchedOutline"
          >
            <legend
              class="PrivateNotchedOutline-legendLabelled-14"
            >
              <span>
                Select COVID or Vaccine:
              </span>
            </legend>
          </fieldset>
        </div>
      </div>
      <br />
      <br />
      <fieldset
        class="MuiFormControl-root"
      >
        <legend
          class="MuiFormLabel-root"
        >
          <u>
            Glad I got the Vaccine:
          </u>
        </legend>
        <div
          aria-label="satisfied"
          class="MuiFormGroup-root"
          role="radiogroup"
        >
          <label
            class="MuiFormControlLabel-root"
          >
            <span
              aria-disabled="false"
              class="MuiButtonBase-root MuiIconButton-root PrivateSwitchBase-root-16 MuiRadio-root MuiRadio-colorSecondary MuiIconButton-colorSecondary"
            >
              <span
                class="MuiIconButton-label"
              >
                <input
                  class="PrivateSwitchBase-input-19"
                  name="satisfied"
                  type="radio"
                  value="Yes"
                />
                <div
                  class="PrivateRadioButtonIcon-root-20"
                >
                  <svg
                    aria-hidden="true"
                    class="MuiSvgIcon-root"
                    focusable="false"
                    viewBox="0 0 24 24"
                  >
                    <path
                      d="M12 2C6.48 2 2 6.48 2 12s4.48 10 10 10 10-4.48 10-10S17.52 2 12 2zm0 18c-4.42 0-8-3.58-8-8s3.58-8 8-8 8 3.58 8 8-3.58 8-8 8z"
                    />
                  </svg>
                  <svg
                    aria-hidden="true"
                    class="MuiSvgIcon-root PrivateRadioButtonIcon-layer-21"
                    focusable="false"
                    viewBox="0 0 24 24"
                  >
                    <path
                      d="M8.465 8.465C9.37 7.56 10.62 7 12 7C14.76 7 17 9.24 17 12C17 13.38 16.44 14.63 15.535 15.535C14.63 16.44 13.38 17 12 17C9.24 17 7 14.76 7 12C7 10.62 7.56 9.37 8.465 8.465Z"
                    />
                  </svg>
                </div>
              </span>
              <span
                class="MuiTouchRipple-root"
              />
            </span>
            <span
              class="MuiTypography-root MuiFormControlLabel-label MuiTypography-body1"
            >
              Yes
            </span>
          </label>
          <label
            class="MuiFormControlLabel-root"
          >
            <span
              aria-disabled="false"
              class="MuiButtonBase-root MuiIconButton-root PrivateSwitchBase-root-16 MuiRadio-root MuiRadio-colorSecondary MuiIconButton-colorSecondary"
            >
              <span
                class="MuiIconButton-label"
              >
                <input
                  class="PrivateSwitchBase-input-19"
                  name="satisfied"
                  type="radio"
                  value="No"
                />
                <div
                  class="PrivateRadioButtonIcon-root-20"
                >
                  <svg
                    aria-hidden="true"
                    class="MuiSvgIcon-root"
                    focusable="false"
                    viewBox="0 0 24 24"
                  >
                    <path
                      d="M12 2C6.48 2 2 6.48 2 12s4.48 10 10 10 10-4.48 10-10S17.52 2 12 2zm0 18c-4.42 0-8-3.58-8-8s3.58-8 8-8 8 3.58 8 8-3.58 8-8 8z"
                    />
                  </svg>
                  <svg
                    aria-hidden="true"
                    class="MuiSvgIcon-root PrivateRadioButtonIcon-layer-21"
                    focusable="false"
                    viewBox="0 0 24 24"
                  >
                    <path
                      d="M8.465 8.465C9.37 7.56 10.62 7 12 7C14.76 7 17 9.24 17 12C17 13.38 16.44 14.63 15.535 15.535C14.63 16.44 13.38 17 12 17C9.24 17 7 14.76 7 12C7 10.62 7.56 9.37 8.465 8.465Z"
                    />
                  </svg>
                </div>
              </span>
              <span
                class="MuiTouchRipple-root"
              />
            </span>
            <span
              class="MuiTypography-root MuiFormControlLabel-label MuiTypography-body1"
            >
              No
            </span>
          </label>
        </div>
      </fieldset>
      <br />
      <br />
      <div
        class="MuiFormControl-root MuiTextField-root"
      >
        <label
          class="MuiFormLabel-root MuiInputLabel-root MuiInputLabel-formControl MuiInputLabel-animated MuiInputLabel-outlined"
          data-shrink="false"
          for="age-field"
          id="age-field-label"
        >
          Age (Optional):
        </label>
        <div
          class="MuiInputBase-root MuiOutlinedInput-root MuiInputBase-formControl"
        >
          <input
            aria-invalid="false"
            class="MuiInputBase-input MuiOutlinedInput-input"
            id="age-field"
            name="age"
            placeholder="Optional"
            type="text"
            value=""
          />
          <fieldset
            aria-hidden="true"
            class="PrivateNotchedOutline-root-12 MuiOutlinedInput-notchedOutline"
          >
            <legend
              class="PrivateNotchedOutline-legendLabelled-14"
            >
              <span>
                Age (Optional):
              </span>
            </legend>
          </fieldset>
        </div>
      </div>
      <br />
      <br />
      <div
        class="MuiFormControl-root MuiTextField-root"
      >
        <label
          class="MuiFormLabel-root MuiInputLabel-root MuiInputLabel-formControl MuiInputLabel-animated MuiInputLabel-outlined"
          data-shrink="false"
          for="select-gender"
          id="select-gender-label"
        >
          Gender (optional):
        </label>
        <div
          class="MuiInputBase-root MuiOutlinedInput-root MuiInputBase-formControl"
        >
          <div
            aria-haspopup="listbox"
            aria-labelledby="select-gender-label select-gender"
            class="MuiSelect-root MuiSelect-select MuiSelect-selectMenu MuiSelect-outlined MuiInputBase-input MuiOutlinedInput-input"
            id="select-gender"
            role="button"
            tabindex="0"
          >
            <span>
              ​
            </span>
          </div>
          <input
            aria-hidden="true"
            class="MuiSelect-nativeInput"
            name="gender"
            tabindex="-1"
            value=""
          />
          <svg
            aria-hidden="true"
            class="MuiSvgIcon-root MuiSelect-icon MuiSelect-iconOutlined"
            focusable="false"
            viewBox="0 0 24 24"
          >
            <path
              d="M7 10l5 5 5-5z"
            />
          </svg>
          <fieldset
            aria-hidden="true"
            class="PrivateNotchedOutline-root-12 MuiOutlinedInput-notchedOutline"
          >
            <legend
              class="PrivateNotchedOutline-legendLabelled-14"
            >
              <span>
                Gender (optional):
              </span>
            </legend>
          </fieldset>
        </div>
      </div>
      <br />
      <br />
      <p
        id="story-label"
      >
        My Story:
      </p>
      <div
        class="MuiFormControl-root MuiTextField-root"
      >
        <div
          class="MuiInputBase-root MuiOutlinedInput-root MuiInputBase-formControl MuiInputBase-multiline MuiOutlinedInput-multiline"
        >
          <textarea
            aria-invalid="false"
            class="MuiInputBase-input MuiOutlinedInput-input MuiInputBase-inputMultiline MuiOutlinedInput-inputMultiline"
            id="story-textarea"
            name="story"
            placeholder="After my 2nd vaccine I didn't feel great for a few days, but I'm glad I got it because..."
            rows="5"
          />
          <textarea
            aria-hidden="true"
            class="MuiInputBase-input MuiOutlinedInput-input MuiInputBase-inputMultiline MuiOutlinedInput-inputMultiline"
            readonly=""
            style="visibility: hidden; position: absolute; overflow: hidden; height: 0px; top: 0px; left: 0px; transform: translateZ(0); width: 100%;"
            tabindex="-1"
          />
          <fieldset
            aria-hidden="true"
            class="PrivateNotchedOutline-root-12 MuiOutlinedInput-notchedOutline"
            style="padding-left: 8px;"
          >
            <legend
              class="PrivateNotchedOutline-legend-13"
              style="width: 0.01px;"
            >
              <span>
                ​
              </span>
            </legend>
          </fieldset>
        </div>
      </div>
      <br />
      <br />
      <a
        href="/"
      >
        <button
          class="MuiButtonBase-root MuiButton-root MuiButton-contained VaccineButton MuiButton-containedSecondary"
          tabindex="0"
          type="button"
        >
          <span
            class="MuiButton-label"
          >
            Cancel
          </span>
          <span
            class="MuiTouchRipple-root"
          />
        </button>
      </a>
      <button
        class="MuiButtonBase-root MuiButton-root MuiButton-contained VaccineButton MuiButton-containedPrimary"
        role="submit"
        tabindex="0"
        type="submit"
      >
        <span
          class="MuiButton-label"
        >
          Submit
        </span>
        <span
          class="MuiTouchRipple-root"
        />
      </button>
    </form>
  </div>
</DocumentFragment>
`;
